
New generation started at 2025-11-12 11:54:10
admittance_perturbation:
  sigma: 0.2
  type: random_perturbation
generation_perturbation:
  sigma: 1.0
  type: cost_permutation
load:
  agg_profile: default
  change_reactive_power: true
  generator: agg_load_profile
  global_range: 0.4
  max_scaling_factor: 4.0
  scenarios: 10000
  sigma: 0.2
  start_scaling_factor: 1.0
  step_size: 0.1
network:
  name: case118_ieee
  network_dir: scripts/grids
  source: pglib
settings:
  data_dir: ./baseline_perturbations_nov_12
  dcpf_fast: true
  enable_solver_logs: true
  include_dc_res: true
  large_chunk_size: 10000
  max_iter: 200
  mode: pf
  num_processes: 16
  overwrite: true
  pf_fast: true
topology_perturbation:
  elements:
  - branch
  - gen
  k: 1
  n_topology_variants: 20
  type: random
